// Jest Snapshot v1, https://goo.gl/fbAQLP

exports[`fetch-thumb() resolves arrayBuffer 1`] = `
Object {
  "config": Object {
    "baseURL": "https://api.view-expander.net/v1",
    "data": undefined,
    "headers": Object {
      "Accept": "image/jpeg",
    },
    "maxContentLength": -1,
    "method": "get",
    "params": Object {
      "size": "thumb",
    },
    "responseType": "arraybuffer",
    "timeout": 180000,
    "transformRequest": Array [
      [Function],
    ],
    "transformResponse": Array [
      [Function],
    ],
    "url": "/source/image.jpg",
    "validateStatus": [Function],
    "xsrfCookieName": "XSRF-TOKEN",
    "xsrfHeaderName": "X-XSRF-TOKEN",
  },
  "data": ArrayBuffer [],
  "headers": Object {
    "content-type": "image/jpeg",
  },
  "request": Object {
    "responseUrl": "/source/image.jpg",
  },
  "status": 200,
}
`;
