// Jest Snapshot v1, https://goo.gl/fbAQLP

exports[`handler() cacths network error 1`] = `
Object {
  "body": "\\"Network Error\\"",
  "statusCode": 500,
}
`;

exports[`handler() catchs response error 1`] = `
Object {
  "body": "\\"Bad Request\\"",
  "statusCode": 400,
}
`;

exports[`handler() returns response 1`] = `
Object {
  "body": "{\\"svg\\":\\"<svg width=\\\\\\"8\\\\\\" height=\\\\\\"8\\\\\\" fill=\\\\\\"none\\\\\\" xmlns=\\\\\\"http://www.w3.org/2000/svg\\\\\\"><g clip-path=\\\\\\"url(#clip0)\\\\\\"><path fill=\\\\\\"#fff\\\\\\" d=\\\\\\"M0 0h8v8H0z\\\\\\"/><path fill=\\\\\\"#000\\\\\\" d=\\\\\\"M0 0h4v4H0zM4 4h4v4H4z\\\\\\"/></g><defs><clipPath id=\\\\\\"clip0\\\\\\"><path fill=\\\\\\"#fff\\\\\\" d=\\\\\\"M0 0h8v8H0z\\\\\\"/></clipPath></defs></svg>\\"}",
  "statusCode": 200,
}
`;
