// Jest Snapshot v1, https://goo.gl/fbAQLP

exports[`handler() cacths network error 1`] = `
Object {
  "body": "\\"Network Error\\"",
  "statusCode": 500,
}
`;

exports[`handler() catchs response error 1`] = `
Object {
  "body": "\\"Bad Request\\"",
  "statusCode": 400,
}
`;

exports[`handler() returns response 1`] = `
Object {
  "body": "{\\"$response\\":{\\"httpResponse\\":{\\"statusCode\\":200}},\\"ETag\\":\\"d8d1c86cb0147624bb493f41483b7383\\"}",
  "statusCode": 200,
}
`;
