// Jest Snapshot v1, https://goo.gl/fbAQLP

exports[`handler() cacths network error 1`] = `
Object {
  "body": "\\"Network Error\\"",
  "statusCode": 500,
}
`;

exports[`handler() catchs response error 1`] = `
Object {
  "body": "\\"Bad Request\\"",
  "statusCode": 400,
}
`;

exports[`handler() returns response 1`] = `
Object {
  "body": "{\\"key\\":null}",
  "statusCode": 200,
}
`;
